// Jest Snapshot v1, https://goo.gl/fbAQLP

exports[`<StorylineOverviewPage /> Renders StorylineOverviewPage with data 1`] = `
<div>
  <div
    class="StorylineOverviewPage"
  >
    <div
      class="flex w-full flex-col lg:flex-row"
    >
      <div
        class="flex flex-col p-8 lg:w-1/3 xl:w-1/4"
      >
        <div
          class="flex w-full flex-col gap-4 mb-5"
        >
          <h4
            class="relative my-4 border-l-[0.75rem] border-b-2 border-holon-blue-900 pl-3 text-xl font-light"
          >
            Type rol
          </h4>
        </div>
        <div
          class="flex w-full flex-col gap-4 mb-5"
        >
          <h4
            class="relative my-4 border-l-[0.75rem] border-b-2 border-holon-blue-900 pl-3 text-xl font-light"
          >
            Type informatie
          </h4>
        </div>
      </div>
      <div
        class="flex flex-col p-8 lg:w-2/3 xl:w-3/4"
      >
        <div
          class="flex flex-row justify-between mb-2"
        >
          <strong>
             resultaten
          </strong>
          <strong>
            Sorteren placenholder
          </strong>
        </div>
        <div
          class="flex flex-row flex-wrap storyline__grid"
        />
      </div>
    </div>
  </div>
</div>
`;
